Created the tree successfully using /home/josphat/Documents/TULAA/E2E-AUTOMATION-PIPELINE/blazemeter.com/e2e-test-automation-pipeline/src/test/java/performance/2019-02-27_11-50-55.872202/modified_requests.jmx
Starting the test @ Wed Feb 27 11:54:15 EAT 2019 (1551257655633)
Waiting for possible Shutdown/StopTestNow/Heapdump message on port 4445
Tidying up ...    @ Wed Feb 27 11:56:48 EAT 2019 (1551257808665)
... end of run
